// Jest Snapshot v1, https://goo.gl/fbAQLP

exports[`render FilterDirection renders successfully 1`] = `ShallowWrapper {}`;
